Scanning changes: [36mcodex/deploy-ecoglobe-backend[39m → [36m68621f1[39m

[90m  [39m
[1mAgent guidance[22m
[90m  - Treat React Doctor diagnostics as starting hypotheses. Read the relevant code before confirming or suppressing each finding.[39m
[90m  - For each group, decide true positive, false positive, or needs-human-review, then assign high/medium/low confidence.[39m
[90m  - Do not suppress a finding without evidence from the file in question. Confidence requires code context.[39m
[90m  - Understand the root cause before editing. Fix the underlying code instead of changing react-doctor config or suppressing rules unless explicitly asked.[39m
[90m  - Investigate deeply where relevant: race conditions, security-sensitive flows, state propagation, multi-file refactors, and downstream dependency chains.[39m
[90m  - Ignore pure style preferences, theoretical issues without real impact, missing features, and unrelated pre-existing code.[39m
[90m  - Start with high-confidence fixes that preserve behavior. Leave low-confidence or product-dependent changes as notes.[39m
[90m  - Run `npx react-doctor@latest --verbose --scope changed` before and after changes, plus relevant tests after each focused batch.[39m
[90m  - When available, spawn subagents or isolated worktrees for independent rule families, then review and merge only the best safe fixes.[39m
[90m  - Split unrelated, broad, or behavior-changing work into separate PRs/branches instead of one large cleanup.[39m
[90m  - When one rule spans dozens of files (a migration-scale change), fix a representative sample first, confirm the recipe holds, and get the code owner's sign-off before changing the rest. Don't mass-fix a broad pattern in one unreviewed pass.[39m
[90m  - For confirmed issues that cannot be fixed now, create GitHub issues with the rule, file/line, confidence, impact, and proposed fix.[39m
[90m  - If a fix needs an API, UX, or architecture decision, stop and ask before editing.[39m

[32m✔[39m Scanned 21 files in 3.2s

[1mReact Doctor — @eco-globe/web[22m
Score: 71 / 100 Needs work

[1m2 issues[22m
Maintainability: 2 warnings

[33m⚠ Duplicated JSX structure[39m
[90m  react-doctor/duplicate-jsx-subtree[39m
  src/components/buyer/buyer-product-detail-page.tsx:209
[33m⚠ React function has high control-flow complexity[39m
[90m  react-doctor/no-high-complexity-react-function[39m
  src/components/seller/rfq-respond-form.tsx:14
[90m  Full diagnostics written to /private/tmp/react-doctor-95e5f778-3e62-4228-a2da-75e61e79819f[39m

[2m  ────────────────────────────────────────────────────────────[22m

  [1mDocs:[22m [36mhttps://react.doctor/docs[39m
[2m  Learn more about fixing issues, setting up CI/CD, and[22m
[2m  configuring rules with a config file[22m

  [1mGitHub:[22m [36mhttps://github.com/millionco/react-doctor[39m
[2m  Report issues and star the repository![22m

