Fetching deployment "dpl_AefEbfgSSpCcN3xQf69QKquVX5oH" in rob-thomas-projects
> Fetched deployment "eco-globe-dev-admin-8z1gx5tu2-rob-thomas-projects.vercel.app" in rob-thomas-projects [308ms]

  General

    id		dpl_AefEbfgSSpCcN3xQf69QKquVX5oH
    name	eco-globe-dev-admin
    target	production
    status	● Ready
    url		https://eco-globe-dev-admin-8z1gx5tu2-rob-thomas-projects.vercel.app
    created	Tue Oct 06 2026 11:34:14 GMT-0500 (Central Daylight Time) [2m ago]


  Aliases

    ╶ https://eco-globe-dev-admin.vercel.app
    ╶ https://eco-globe-dev-admin-rob-thomas-projects.vercel.app
    

  Builds

    ┌ .        [0ms]
    ├── λ index (1.15MB) [iad1]
    ├── λ _not-found (1.15MB) [iad1]
    ├── λ _not-found.rsc (1.15MB) [iad1]
    ├── λ forgot-password (1.15MB) [iad1]
    ├── λ forgot-password.rsc (1.15MB) [iad1]
    └── 9 output items hidden
    

